// Bun Snapshot v1, https://goo.gl/fbAQLP

exports[`Model generates the expected event sequence 1`] = `
"[
  {
    "scope": [],
    "index": 0,
    "type": "model_pushed",
    "modelKey": "secondary",
    "modelType": "language"
  },
  {
    "scope": [
      "fork-key"
    ],
    "index": 0,
    "type": "forked"
  },
  {
    "scope": [
      "fork-key"
    ],
    "index": 0,
    "type": "model_pushed",
    "modelKey": "child_a",
    "modelType": "language"
  },
  {
    "scope": [
      "fork-key"
    ],
    "index": 0,
    "type": "model_pushed",
    "modelKey": "child_b",
    "modelType": "embedding"
  },
  {
    "scope": [
      "fork-key"
    ],
    "index": 0,
    "type": "model_removed",
    "modelKey": "child_a",
    "modelType": "language"
  },
  {
    "scope": [
      "fork-key"
    ],
    "index": 0,
    "type": "model_removed",
    "modelKey": "child_b",
    "modelType": "embedding"
  },
  {
    "scope": [
      "fork-key"
    ],
    "index": 0,
    "type": "returned"
  },
  {
    "scope": [],
    "index": 0,
    "type": "model_pushed",
    "modelKey": "tertiary",
    "modelType": "embedding"
  },
  {
    "scope": [],
    "index": 0,
    "type": "model_removed",
    "modelKey": "secondary",
    "modelType": "language"
  },
  {
    "scope": [],
    "index": 0,
    "type": "model_removed",
    "modelKey": "tertiary",
    "modelType": "embedding"
  },
  {
    "scope": [],
    "index": 0,
    "type": "returned"
  }
]"
`;
