// Bun Snapshot v1, https://goo.gl/fbAQLP

exports[`Model generates the expected event sequence 1`] = `
"{
  "events": [
    {
      "event": "Model",
      "key": "default",
      "purpose": "language"
    },
    {
      "event": "Model",
      "key": "secondary",
      "purpose": "language"
    },
    {
      "event": "ContextEnter",
      "context": "child"
    },
    {
      "event": "ContextExit",
      "context": "child"
    },
    {
      "event": "Model",
      "key": "tertiary",
      "purpose": "embedding"
    }
  ],
  "children": [
    {
      "kind": "Context",
      "scope": {
        "key": "child",
        "events": [
          {
            "event": "Model",
            "key": "child_a",
            "purpose": "language"
          },
          {
            "event": "Model",
            "key": "child_b",
            "purpose": "embedding"
          }
        ],
        "children": []
      }
    }
  ]
}"
`;
